// Jest Snapshot v1, https://goo.gl/fbAQLP

exports[`renders correctly 1`] = `
<div
  className="card-container"
>
  <div
    className="card-info"
  >
    <h3>
      A special template
    </h3>
    <p />
  </div>
  <div
    className="use-template-container"
  >
    <p>
      Use Template
    </p>
  </div>
</div>
`;

exports[`renders correctly 2`] = `
<div
  id="outer"
>
  <div
    id="middle"
  >
    <div
      id="inner"
    />
  </div>
</div>
`;
